// Jest Snapshot v1, https://goo.gl/fbAQLP

exports[`描画されてすぐはOFFと表示されている 1`] = `
<div>
  <button
    class="simpleButton"
  >
    OFF
  </button>
</div>
`;
